BAKETOOL CROSS-VERSION TEST REPORT
========================================
[PASS] Blender 3.6.23
--------------------
[PASS] Blender 4.2.14 LTS
--------------------
[PASS] Blender 4.5.3 LTS
--------------------
[PASS] Blender 5.0.1
--------------------
